// Jest Snapshot v1, https://goo.gl/fbAQLP

exports[`Footer Component matches snapshot 1`] = `
<div>
  <footer>
    Kunegunda Kosek
  </footer>
</div>
`;
